#
# There is insufficient memory for the Java Runtime Environment to continue.
# Native memory allocation (malloc) failed to allocate 18571096 bytes. Error detail: Chunk::new
# Possible reasons:
#   The system is out of physical RAM or swap space
#   This process is running with CompressedOops enabled, and the Java Heap may be blocking the growth of the native heap
# Possible solutions:
#   Reduce memory load on the system
#   Increase physical memory or swap space
#   Check if swap backing store is full
#   Decrease Java heap size (-Xmx/-Xms)
#   Decrease number of Java threads
#   Decrease Java thread stack sizes (-Xss)
#   Set larger code cache with -XX:ReservedCodeCacheSize=
#   JVM is running with Zero Based Compressed Oops mode in which the Java heap is
#     placed in the first 32GB address space. The Java Heap base address is the
#     maximum limit for the native heap growth. Please use -XX:HeapBaseMinAddress
#     to set the Java Heap base and to place the Java Heap above 32GB virtual address.
# This output file may be truncated or incomplete.
#
#  Out of Memory Error (arena.cpp:186), pid=13972, tid=24752
#
# JRE version: OpenJDK Runtime Environment Temurin-25.0.3+9 (25.0.3+9) (build 25.0.3+9-LTS)
# Java VM: OpenJDK 64-Bit Server VM Temurin-25.0.3+9 (25.0.3+9-LTS, mixed mode, sharing, tiered, compressed oops, compressed class ptrs, g1 gc, windows-amd64)
# No core dump will be written. Minidumps are not enabled by default on client versions of Windows
#

---------------  S U M M A R Y ------------

Command Line: --add-opens=java.base/java.lang=ALL-UNNAMED --enable-native-access=ALL-UNNAMED -Dclassworlds.conf=C:/Users/Admin/.m2/wrapper/dists/apache-maven-3.9.16/56ba1f9f/bin/m2.conf -Dmaven.home=C:/Users/Admin/.m2/wrapper/dists/apache-maven-3.9.16/56ba1f9f -Dlibrary.jansi.path=C:/Users/Admin/.m2/wrapper/dists/apache-maven-3.9.16/56ba1f9f/lib/jansi-native -Dmaven.multiModuleProjectDirectory=D:/123/BE_NihongoApp org.codehaus.plexus.classworlds.launcher.Launcher spring-boot:run -Dspring-boot.run.jvmArguments=-Xmx512m -XX:MaxG1HeapRegionSize=16M

Host: AMD Ryzen 7 7840HS w/ Radeon 780M Graphics     , 16 cores, 15G,  Windows 11 , 64 bit Build 26100 (10.0.26100.8875)
Time: Sun Aug  2 01:14:04 2026 SE Asia Standard Time elapsed time: 2.783115 seconds (0d 0h 0m 2s)

---------------  T H R E A D  ---------------

Current thread (0x000001635e8e7360):  JavaThread "C2 CompilerThread4" daemon [_thread_in_native, id=24752, stack(0x00000046a6e00000,0x00000046a6f00000) (1024K)]


Current CompileTask:
C2:2783 5705       4       java.lang.invoke.MethodType::makeImpl (109 bytes)

Stack: [0x00000046a6e00000,0x00000046a6f00000]
Native frames: (J=compiled Java code, j=interpreted, Vv=VM code, C=native code)
V  [jvm.dll+0x7aa709]  (no source info available)
V  [jvm.dll+0x7749ed]  (no source info available)
V  [jvm.dll+0x9f7433]  (no source info available)
V  [jvm.dll+0x9f9a21]  (no source info available)
V  [jvm.dll+0x9fa133]  (no source info available)
V  [jvm.dll+0x2fd266]  (no source info available)
V  [jvm.dll+0x1113c6]  (no source info available)
V  [jvm.dll+0x1116ee]  (no source info available)
V  [jvm.dll+0x1a0342]  (no source info available)
V  [jvm.dll+0x3b67e2]  (no source info available)
V  [jvm.dll+0x7b007c]  (no source info available)
V  [jvm.dll+0x2c0847]  (no source info available)
V  [jvm.dll+0x2bf80f]  (no source info available)
V  [jvm.dll+0x2374a0]  (no source info available)
V  [jvm.dll+0x2cf906]  (no source info available)
V  [jvm.dll+0x2cdb8a]  (no source info available)
V  [jvm.dll+0x49070e]  (no source info available)
V  [jvm.dll+0x99894d]  (no source info available)
V  [jvm.dll+0x7a8ce5]  (no source info available)
C  [ucrtbase.dll+0x2cd30]  (no source info available)
C  [KERNEL32.DLL+0x2e957]  (no source info available)
C  [ntdll.dll+0xaad6c]  (no source info available)

Lock stack of current Java thread (top to bottom):


---------------  P R O C E S S  ---------------

Threads class SMR info:
_java_thread_list=0x000001635f0b7170, length=19, elements={
0x0000016336f8ab80, 0x0000016358a59520, 0x0000016358a59ce0, 0x0000016358a5bcb0,
0x0000016358a5f3e0, 0x0000016358a60710, 0x0000016358a6db90, 0x0000016358a77740,
0x0000016358a82380, 0x000001635944c0e0, 0x0000016359484590, 0x0000016359485f30,
0x000001635e21d400, 0x000001635e5218d0, 0x000001635e867f70, 0x000001635e8e7b70,
0x000001635e8e93a0, 0x000001635e8e7360, 0x000001635f3d5390
}

Java Threads: ( => current thread )
  0x0000016336f8ab80 JavaThread "main"                              [_thread_in_native, id=16368, stack(0x00000046a5600000,0x00000046a5700000) (1024K)]
  0x0000016358a59520 JavaThread "Reference Handler"          daemon [_thread_blocked, id=10392, stack(0x00000046a5e00000,0x00000046a5f00000) (1024K)]
  0x0000016358a59ce0 JavaThread "Finalizer"                  daemon [_thread_blocked, id=2640, stack(0x00000046a5f00000,0x00000046a6000000) (1024K)]
  0x0000016358a5bcb0 JavaThread "Signal Dispatcher"          daemon [_thread_blocked, id=5916, stack(0x00000046a6000000,0x00000046a6100000) (1024K)]
  0x0000016358a5f3e0 JavaThread "Attach Listener"            daemon [_thread_blocked, id=23736, stack(0x00000046a6100000,0x00000046a6200000) (1024K)]
  0x0000016358a60710 JavaThread "Service Thread"             daemon [_thread_blocked, id=10828, stack(0x00000046a6200000,0x00000046a6300000) (1024K)]
  0x0000016358a6db90 JavaThread "Monitor Deflation Thread"   daemon [_thread_blocked, id=23044, stack(0x00000046a6300000,0x00000046a6400000) (1024K)]
  0x0000016358a77740 JavaThread "C2 CompilerThread0"         daemon [_thread_blocked, id=22592, stack(0x00000046a6400000,0x00000046a6500000) (1024K)]
  0x0000016358a82380 JavaThread "C1 CompilerThread0"         daemon [_thread_blocked, id=6816, stack(0x00000046a6500000,0x00000046a6600000) (1024K)]
  0x000001635944c0e0 JavaThread "C1 CompilerThread1"         daemon [_thread_blocked, id=14196, stack(0x00000046a6600000,0x00000046a6700000) (1024K)]
  0x0000016359484590 JavaThread "Notification Thread"        daemon [_thread_blocked, id=25188, stack(0x00000046a6700000,0x00000046a6800000) (1024K)]
  0x0000016359485f30 JavaThread "Common-Cleaner"             daemon [_thread_blocked, id=4320, stack(0x00000046a6800000,0x00000046a6900000) (1024K)]
  0x000001635e21d400 JavaThread "C2 CompilerThread1"         daemon [_thread_blocked, id=12136, stack(0x00000046a6900000,0x00000046a6a00000) (1024K)]
  0x000001635e5218d0 JavaThread "C1 CompilerThread2"         daemon [_thread_blocked, id=25140, stack(0x00000046a6a00000,0x00000046a6b00000) (1024K)]
  0x000001635e867f70 JavaThread "C1 CompilerThread3"         daemon [_thread_blocked, id=7968, stack(0x00000046a6b00000,0x00000046a6c00000) (1024K)]
  0x000001635e8e7b70 JavaThread "C2 CompilerThread2"         daemon [_thread_blocked, id=13868, stack(0x00000046a6c00000,0x00000046a6d00000) (1024K)]
  0x000001635e8e93a0 JavaThread "C2 CompilerThread3"         daemon [_thread_blocked, id=24432, stack(0x00000046a6d00000,0x00000046a6e00000) (1024K)]
=>0x000001635e8e7360 JavaThread "C2 CompilerThread4"         daemon [_thread_in_native, id=24752, stack(0x00000046a6e00000,0x00000046a6f00000) (1024K)]
  0x000001635f3d5390 JavaThread "Thread-1"                   daemon [_thread_blocked, id=19860, stack(0x00000046a7400000,0x00000046a7500000) (1024K)]
Total: 19

Other Threads:
  0x0000016358a43a00 VMThread "VM Thread"                           [id=22044, stack(0x00000046a5d00000,0x00000046a5e00000) (1024K)]
  0x0000016358a33850 WatcherThread "VM Periodic Task Thread"        [id=10864, stack(0x00000046a5c00000,0x00000046a5d00000) (1024K)]
  0x0000016339449730 WorkerThread "GC Thread#0"                     [id=10000, stack(0x00000046a5700000,0x00000046a5800000) (1024K)]
  0x000001635f5d4110 WorkerThread "GC Thread#1"                     [id=10084, stack(0x00000046a7000000,0x00000046a7100000) (1024K)]
  0x000001635f8919b0 WorkerThread "GC Thread#2"                     [id=24992, stack(0x00000046a7100000,0x00000046a7200000) (1024K)]
  0x000001635f8925f0 WorkerThread "GC Thread#3"                     [id=25472, stack(0x00000046a7200000,0x00000046a7300000) (1024K)]
  0x000001635e796600 WorkerThread "GC Thread#4"                     [id=8392, stack(0x00000046a7300000,0x00000046a7400000) (1024K)]
  0x0000016360491690 WorkerThread "GC Thread#5"                     [id=9356, stack(0x00000046a6f00000,0x00000046a7000000) (1024K)]
  0x0000016360491240 WorkerThread "GC Thread#6"                     [id=25912, stack(0x00000046a7500000,0x00000046a7600000) (1024K)]
  0x000001636048eb70 WorkerThread "GC Thread#7"                     [id=15456, stack(0x00000046a7600000,0x00000046a7700000) (1024K)]
  0x000001636048f410 WorkerThread "GC Thread#8"                     [id=5032, stack(0x00000046a7700000,0x00000046a7800000) (1024K)]
  0x000001636048efc0 WorkerThread "GC Thread#9"                     [id=16184, stack(0x00000046a7800000,0x00000046a7900000) (1024K)]
  0x00000163394612a0 ConcurrentGCThread "G1 Main Marker"            [id=10548, stack(0x00000046a5800000,0x00000046a5900000) (1024K)]
  0x0000016339462a90 WorkerThread "G1 Conc#0"                       [id=11140, stack(0x00000046a5900000,0x00000046a5a00000) (1024K)]
  0x000001633948e060 ConcurrentGCThread "G1 Refine#0"               [id=7960, stack(0x00000046a5a00000,0x00000046a5b00000) (1024K)]
  0x000001633948e520 ConcurrentGCThread "G1 Service"                [id=22052, stack(0x00000046a5b00000,0x00000046a5c00000) (1024K)]
Total: 16

Threads with active compile tasks:
C2 CompilerThread4  2812 5705       4       java.lang.invoke.MethodType::makeImpl (109 bytes)
Total: 1

VM state: not at safepoint (normal execution)

VM Mutex/Monitor currently owned by a thread: None

Heap address: 0x000000070ce00000, size: 3890 MB, Compressed Oops mode: Zero based, Oop shift amount: 3

CDS archive(s) mapped at: [0x000000002b000000-0x000000002bdd0000-0x000000002bdd0000), size 14483456, SharedBaseAddress: 0x000000002b000000, ArchiveRelocationMode: 1.
Compressed class space mapped at: 0x000000002c000000-0x000000006c000000, reserved size: 1073741824
UseCompressedClassPointers 1, UseCompactObjectHeaders 0
Narrow klass pointer bits 32, Max shift 3
Narrow klass base: 0x000000002b000000, Narrow klass shift: 0
Encoding Range: [0x000000002b000000 - 0x000000012b000000), (4294967296 bytes)
Klass Range:    [0x000000002b010000 - 0x000000006c000000), (1090453504 bytes)
Klass ID Range:  [65536 - 1090519033) (1090453497)
Protection zone: [0x000000002b000000 - 0x000000002b010000), (65536 bytes)

GC Precious Log:
 CardTable entry size: 512
 Card Set container configuration: InlinePtr #cards 4 size 8 Array Of Cards #cards 16 size 48 Howl #buckets 8 coarsen threshold 3686 Howl Bitmap #cards 512 size 80 coarsen threshold 460 Card regions per heap region 1 cards per card region 4096
 CPUs: 16 total, 16 available
 Memory: 15554M
 Large Page Support: Disabled
 NUMA Support: Disabled
 Compressed Oops: Enabled (Zero based)
 Heap Region Size: 2M
 Heap Min Capacity: 8M
 Heap Initial Capacity: 244M
 Heap Max Capacity: 3890M
 Pre-touch: Disabled
 Parallel Workers: 13
 Concurrent Workers: 3
 Concurrent Refinement Workers: 13
 Periodic GC: Disabled

Heap:
 garbage-first heap   total reserved 3983360K, committed 251904K, used 91342K [0x000000070ce00000, 0x0000000800000000)
  region size 2048K, 45 young (92160K), 7 survivors (14336K)

Heap Regions: E=young(eden), S=young(survivor), O=old, HS=humongous(starts), HC=humongous(continues), CS=collection set, F=free, TAMS=top-at-mark-start, PB=parsable bottom
|   0|0x000000070ce00000, 0x000000070ce0f1b0, 0x000000070d000000|  2%| O|  |TAMS 0x000000070ce00000| PB 0x000000070ce00000| Untracked |  0
|   1|0x000000070d000000, 0x000000070d000000, 0x000000070d200000|  0%| F|  |TAMS 0x000000070d000000| PB 0x000000070d000000| Untracked |  0
|   2|0x000000070d200000, 0x000000070d200000, 0x000000070d400000|  0%| F|  |TAMS 0x000000070d200000| PB 0x000000070d200000| Untracked |  0
|   3|0x000000070d400000, 0x000000070d400000, 0x000000070d600000|  0%| F|  |TAMS 0x000000070d400000| PB 0x000000070d400000| Untracked |  0
|   4|0x000000070d600000, 0x000000070d600000, 0x000000070d800000|  0%| F|  |TAMS 0x000000070d600000| PB 0x000000070d600000| Untracked |  0
|   5|0x000000070d800000, 0x000000070d800000, 0x000000070da00000|  0%| F|  |TAMS 0x000000070d800000| PB 0x000000070d800000| Untracked |  0
|   6|0x000000070da00000, 0x000000070da00000, 0x000000070dc00000|  0%| F|  |TAMS 0x000000070da00000| PB 0x000000070da00000| Untracked |  0
|   7|0x000000070dc00000, 0x000000070dc00000, 0x000000070de00000|  0%| F|  |TAMS 0x000000070dc00000| PB 0x000000070dc00000| Untracked |  0
|   8|0x000000070de00000, 0x000000070de00000, 0x000000070e000000|  0%| F|  |TAMS 0x000000070de00000| PB 0x000000070de00000| Untracked |  0
|   9|0x000000070e000000, 0x000000070e000000, 0x000000070e200000|  0%| F|  |TAMS 0x000000070e000000| PB 0x000000070e000000| Untracked |  0
|  10|0x000000070e200000, 0x000000070e200000, 0x000000070e400000|  0%| F|  |TAMS 0x000000070e200000| PB 0x000000070e200000| Untracked |  0
|  11|0x000000070e400000, 0x000000070e400000, 0x000000070e600000|  0%| F|  |TAMS 0x000000070e400000| PB 0x000000070e400000| Untracked |  0
|  12|0x000000070e600000, 0x000000070e600000, 0x000000070e800000|  0%| F|  |TAMS 0x000000070e600000| PB 0x000000070e600000| Untracked |  0
|  13|0x000000070e800000, 0x000000070e800000, 0x000000070ea00000|  0%| F|  |TAMS 0x000000070e800000| PB 0x000000070e800000| Untracked |  0
|  14|0x000000070ea00000, 0x000000070ea00000, 0x000000070ec00000|  0%| F|  |TAMS 0x000000070ea00000| PB 0x000000070ea00000| Untracked |  0
|  15|0x000000070ec00000, 0x000000070ec00000, 0x000000070ee00000|  0%| F|  |TAMS 0x000000070ec00000| PB 0x000000070ec00000| Untracked |  0
|  16|0x000000070ee00000, 0x000000070ee00000, 0x000000070f000000|  0%| F|  |TAMS 0x000000070ee00000| PB 0x000000070ee00000| Untracked |  0
|  17|0x000000070f000000, 0x000000070f000000, 0x000000070f200000|  0%| F|  |TAMS 0x000000070f000000| PB 0x000000070f000000| Untracked |  0
|  18|0x000000070f200000, 0x000000070f200000, 0x000000070f400000|  0%| F|  |TAMS 0x000000070f200000| PB 0x000000070f200000| Untracked |  0
|  19|0x000000070f400000, 0x000000070f400000, 0x000000070f600000|  0%| F|  |TAMS 0x000000070f400000| PB 0x000000070f400000| Untracked |  0
|  20|0x000000070f600000, 0x000000070f600000, 0x000000070f800000|  0%| F|  |TAMS 0x000000070f600000| PB 0x000000070f600000| Untracked |  0
|  21|0x000000070f800000, 0x000000070f800000, 0x000000070fa00000|  0%| F|  |TAMS 0x000000070f800000| PB 0x000000070f800000| Untracked |  0
|  22|0x000000070fa00000, 0x000000070fa00000, 0x000000070fc00000|  0%| F|  |TAMS 0x000000070fa00000| PB 0x000000070fa00000| Untracked |  0
|  23|0x000000070fc00000, 0x000000070fc00000, 0x000000070fe00000|  0%| F|  |TAMS 0x000000070fc00000| PB 0x000000070fc00000| Untracked |  0
|  24|0x000000070fe00000, 0x000000070fe00000, 0x0000000710000000|  0%| F|  |TAMS 0x000000070fe00000| PB 0x000000070fe00000| Untracked |  0
|  25|0x0000000710000000, 0x0000000710000000, 0x0000000710200000|  0%| F|  |TAMS 0x0000000710000000| PB 0x0000000710000000| Untracked |  0
|  26|0x0000000710200000, 0x0000000710200000, 0x0000000710400000|  0%| F|  |TAMS 0x0000000710200000| PB 0x0000000710200000| Untracked |  0
|  27|0x0000000710400000, 0x0000000710400000, 0x0000000710600000|  0%| F|  |TAMS 0x0000000710400000| PB 0x0000000710400000| Untracked |  0
|  28|0x0000000710600000, 0x0000000710600000, 0x0000000710800000|  0%| F|  |TAMS 0x0000000710600000| PB 0x0000000710600000| Untracked |  0
|  29|0x0000000710800000, 0x0000000710800000, 0x0000000710a00000|  0%| F|  |TAMS 0x0000000710800000| PB 0x0000000710800000| Untracked |  0
|  30|0x0000000710a00000, 0x0000000710a00000, 0x0000000710c00000|  0%| F|  |TAMS 0x0000000710a00000| PB 0x0000000710a00000| Untracked |  0
|  31|0x0000000710c00000, 0x0000000710c00000, 0x0000000710e00000|  0%| F|  |TAMS 0x0000000710c00000| PB 0x0000000710c00000| Untracked |  0
|  32|0x0000000710e00000, 0x0000000710e00000, 0x0000000711000000|  0%| F|  |TAMS 0x0000000710e00000| PB 0x0000000710e00000| Untracked |  0
|  33|0x0000000711000000, 0x0000000711000000, 0x0000000711200000|  0%| F|  |TAMS 0x0000000711000000| PB 0x0000000711000000| Untracked |  0
|  34|0x0000000711200000, 0x0000000711200000, 0x0000000711400000|  0%| F|  |TAMS 0x0000000711200000| PB 0x0000000711200000| Untracked |  0
|  35|0x0000000711400000, 0x0000000711400000, 0x0000000711600000|  0%| F|  |TAMS 0x0000000711400000| PB 0x0000000711400000| Untracked |  0
|  36|0x0000000711600000, 0x0000000711600000, 0x0000000711800000|  0%| F|  |TAMS 0x0000000711600000| PB 0x0000000711600000| Untracked |  0
|  37|0x0000000711800000, 0x0000000711800000, 0x0000000711a00000|  0%| F|  |TAMS 0x0000000711800000| PB 0x0000000711800000| Untracked |  0
|  38|0x0000000711a00000, 0x0000000711a00000, 0x0000000711c00000|  0%| F|  |TAMS 0x0000000711a00000| PB 0x0000000711a00000| Untracked |  0
|  39|0x0000000711c00000, 0x0000000711c00000, 0x0000000711e00000|  0%| F|  |TAMS 0x0000000711c00000| PB 0x0000000711c00000| Untracked |  0
|  40|0x0000000711e00000, 0x0000000711e00000, 0x0000000712000000|  0%| F|  |TAMS 0x0000000711e00000| PB 0x0000000711e00000| Untracked |  0
|  41|0x0000000712000000, 0x0000000712000000, 0x0000000712200000|  0%| F|  |TAMS 0x0000000712000000| PB 0x0000000712000000| Untracked |  0
|  42|0x0000000712200000, 0x0000000712200000, 0x0000000712400000|  0%| F|  |TAMS 0x0000000712200000| PB 0x0000000712200000| Untracked |  0
|  43|0x0000000712400000, 0x0000000712400000, 0x0000000712600000|  0%| F|  |TAMS 0x0000000712400000| PB 0x0000000712400000| Untracked |  0
|  44|0x0000000712600000, 0x0000000712600000, 0x0000000712800000|  0%| F|  |TAMS 0x0000000712600000| PB 0x0000000712600000| Untracked |  0
|  45|0x0000000712800000, 0x0000000712800000, 0x0000000712a00000|  0%| F|  |TAMS 0x0000000712800000| PB 0x0000000712800000| Untracked |  0
|  46|0x0000000712a00000, 0x0000000712a00000, 0x0000000712c00000|  0%| F|  |TAMS 0x0000000712a00000| PB 0x0000000712a00000| Untracked |  0
|  47|0x0000000712c00000, 0x0000000712c00000, 0x0000000712e00000|  0%| F|  |TAMS 0x0000000712c00000| PB 0x0000000712c00000| Untracked |  0
|  48|0x0000000712e00000, 0x0000000712e00000, 0x0000000713000000|  0%| F|  |TAMS 0x0000000712e00000| PB 0x0000000712e00000| Untracked |  0
|  49|0x0000000713000000, 0x0000000713000000, 0x0000000713200000|  0%| F|  |TAMS 0x0000000713000000| PB 0x0000000713000000| Untracked |  0
|  50|0x0000000713200000, 0x0000000713200000, 0x0000000713400000|  0%| F|  |TAMS 0x0000000713200000| PB 0x0000000713200000| Untracked |  0
|  51|0x0000000713400000, 0x0000000713400000, 0x0000000713600000|  0%| F|  |TAMS 0x0000000713400000| PB 0x0000000713400000| Untracked |  0
|  52|0x0000000713600000, 0x0000000713600000, 0x0000000713800000|  0%| F|  |TAMS 0x0000000713600000| PB 0x0000000713600000| Untracked |  0
|  53|0x0000000713800000, 0x0000000713800000, 0x0000000713a00000|  0%| F|  |TAMS 0x0000000713800000| PB 0x0000000713800000| Untracked |  0
|  54|0x0000000713a00000, 0x0000000713a00000, 0x0000000713c00000|  0%| F|  |TAMS 0x0000000713a00000| PB 0x0000000713a00000| Untracked |  0
|  55|0x0000000713c00000, 0x0000000713c00000, 0x0000000713e00000|  0%| F|  |TAMS 0x0000000713c00000| PB 0x0000000713c00000| Untracked |  0
|  56|0x0000000713e00000, 0x0000000713e00000, 0x0000000714000000|  0%| F|  |TAMS 0x0000000713e00000| PB 0x0000000713e00000| Untracked |  0
|  57|0x0000000714000000, 0x0000000714000000, 0x0000000714200000|  0%| F|  |TAMS 0x0000000714000000| PB 0x0000000714000000| Untracked |  0
|  58|0x0000000714200000, 0x0000000714200000, 0x0000000714400000|  0%| F|  |TAMS 0x0000000714200000| PB 0x0000000714200000| Untracked |  0
|  59|0x0000000714400000, 0x0000000714600000, 0x0000000714600000|100%| S|CS|TAMS 0x0000000714400000| PB 0x0000000714400000| Complete |  0
|  60|0x0000000714600000, 0x0000000714800000, 0x0000000714800000|100%| S|CS|TAMS 0x0000000714600000| PB 0x0000000714600000| Complete |  0
|  61|0x0000000714800000, 0x0000000714a00000, 0x0000000714a00000|100%| S|CS|TAMS 0x0000000714800000| PB 0x0000000714800000| Complete |  0
|  62|0x0000000714a00000, 0x0000000714c00000, 0x0000000714c00000|100%| S|CS|TAMS 0x0000000714a00000| PB 0x0000000714a00000| Complete |  0
|  63|0x0000000714c00000, 0x0000000714e00000, 0x0000000714e00000|100%| S|CS|TAMS 0x0000000714c00000| PB 0x0000000714c00000| Complete |  0
|  64|0x0000000714e00000, 0x0000000715000000, 0x0000000715000000|100%| S|CS|TAMS 0x0000000714e00000| PB 0x0000000714e00000| Complete |  0
|  65|0x0000000715000000, 0x0000000715200000, 0x0000000715200000|100%| S|CS|TAMS 0x0000000715000000| PB 0x0000000715000000| Complete |  0
|  66|0x0000000715200000, 0x0000000715200000, 0x0000000715400000|  0%| F|  |TAMS 0x0000000715200000| PB 0x0000000715200000| Untracked |  0
|  67|0x0000000715400000, 0x0000000715400000, 0x0000000715600000|  0%| F|  |TAMS 0x0000000715400000| PB 0x0000000715400000| Untracked |  0
|  68|0x0000000715600000, 0x0000000715600000, 0x0000000715800000|  0%| F|  |TAMS 0x0000000715600000| PB 0x0000000715600000| Untracked |  0
|  69|0x0000000715800000, 0x0000000715800000, 0x0000000715a00000|  0%| F|  |TAMS 0x0000000715800000| PB 0x0000000715800000| Untracked |  0
|  70|0x0000000715a00000, 0x0000000715a00000, 0x0000000715c00000|  0%| F|  |TAMS 0x0000000715a00000| PB 0x0000000715a00000| Untracked |  0
|  71|0x0000000715c00000, 0x0000000715c00000, 0x0000000715e00000|  0%| F|  |TAMS 0x0000000715c00000| PB 0x0000000715c00000| Untracked |  0
|  72|0x0000000715e00000, 0x0000000715e00000, 0x0000000716000000|  0%| F|  |TAMS 0x0000000715e00000| PB 0x0000000715e00000| Untracked |  0
|  73|0x0000000716000000, 0x0000000716000000, 0x0000000716200000|  0%| F|  |TAMS 0x0000000716000000| PB 0x0000000716000000| Untracked |  0
|  74|0x0000000716200000, 0x0000000716200000, 0x0000000716400000|  0%| F|  |TAMS 0x0000000716200000| PB 0x0000000716200000| Untracked |  0
|  75|0x0000000716400000, 0x0000000716400000, 0x0000000716600000|  0%| F|  |TAMS 0x0000000716400000| PB 0x0000000716400000| Untracked |  0
|  76|0x0000000716600000, 0x0000000716600000, 0x0000000716800000|  0%| F|  |TAMS 0x0000000716600000| PB 0x0000000716600000| Untracked |  0
|  77|0x0000000716800000, 0x0000000716800000, 0x0000000716a00000|  0%| F|  |TAMS 0x0000000716800000| PB 0x0000000716800000| Untracked |  0
|  78|0x0000000716a00000, 0x0000000716a00000, 0x0000000716c00000|  0%| F|  |TAMS 0x0000000716a00000| PB 0x0000000716a00000| Untracked |  0
|  79|0x0000000716c00000, 0x0000000716c00000, 0x0000000716e00000|  0%| F|  |TAMS 0x0000000716c00000| PB 0x0000000716c00000| Untracked |  0
|  80|0x0000000716e00000, 0x0000000716e00000, 0x0000000717000000|  0%| F|  |TAMS 0x0000000716e00000| PB 0x0000000716e00000| Untracked |  0
|  81|0x0000000717000000, 0x0000000717000000, 0x0000000717200000|  0%| F|  |TAMS 0x0000000717000000| PB 0x0000000717000000| Untracked |  0
|  82|0x0000000717200000, 0x0000000717200000, 0x0000000717400000|  0%| F|  |TAMS 0x0000000717200000| PB 0x0000000717200000| Untracked |  0
|  83|0x0000000717400000, 0x0000000717400000, 0x0000000717600000|  0%| F|  |TAMS 0x0000000717400000| PB 0x0000000717400000| Untracked |  0
|  84|0x0000000717600000, 0x0000000717800000, 0x0000000717800000|100%| E|  |TAMS 0x0000000717600000| PB 0x0000000717600000| Complete |  0
|  85|0x0000000717800000, 0x0000000717a00000, 0x0000000717a00000|100%| E|CS|TAMS 0x0000000717800000| PB 0x0000000717800000| Complete |  0
|  86|0x0000000717a00000, 0x0000000717c00000, 0x0000000717c00000|100%| E|CS|TAMS 0x0000000717a00000| PB 0x0000000717a00000| Complete |  0
|  87|0x0000000717c00000, 0x0000000717e00000, 0x0000000717e00000|100%| E|CS|TAMS 0x0000000717c00000| PB 0x0000000717c00000| Complete |  0
|  88|0x0000000717e00000, 0x0000000718000000, 0x0000000718000000|100%| E|CS|TAMS 0x0000000717e00000| PB 0x0000000717e00000| Complete |  0
|  89|0x0000000718000000, 0x0000000718200000, 0x0000000718200000|100%| E|CS|TAMS 0x0000000718000000| PB 0x0000000718000000| Complete |  0
|  90|0x0000000718200000, 0x0000000718400000, 0x0000000718400000|100%| E|CS|TAMS 0x0000000718200000| PB 0x0000000718200000| Complete |  0
|  91|0x0000000718400000, 0x0000000718600000, 0x0000000718600000|100%| E|CS|TAMS 0x0000000718400000| PB 0x0000000718400000| Complete |  0
|  92|0x0000000718600000, 0x0000000718800000, 0x0000000718800000|100%| E|CS|TAMS 0x0000000718600000| PB 0x0000000718600000| Complete |  0
|  93|0x0000000718800000, 0x0000000718a00000, 0x0000000718a00000|100%| E|CS|TAMS 0x0000000718800000| PB 0x0000000718800000| Complete |  0
|  94|0x0000000718a00000, 0x0000000718c00000, 0x0000000718c00000|100%| E|CS|TAMS 0x0000000718a00000| PB 0x0000000718a00000| Complete |  0
|  95|0x0000000718c00000, 0x0000000718e00000, 0x0000000718e00000|100%| E|CS|TAMS 0x0000000718c00000| PB 0x0000000718c00000| Complete |  0
|  96|0x0000000718e00000, 0x0000000719000000, 0x0000000719000000|100%| E|CS|TAMS 0x0000000718e00000| PB 0x0000000718e00000| Complete |  0
|  97|0x0000000719000000, 0x0000000719200000, 0x0000000719200000|100%| E|CS|TAMS 0x0000000719000000| PB 0x0000000719000000| Complete |  0
|  98|0x0000000719200000, 0x0000000719400000, 0x0000000719400000|100%| E|CS|TAMS 0x0000000719200000| PB 0x0000000719200000| Complete |  0
|  99|0x0000000719400000, 0x0000000719600000, 0x0000000719600000|100%| E|CS|TAMS 0x0000000719400000| PB 0x0000000719400000| Complete |  0
| 100|0x0000000719600000, 0x0000000719800000, 0x0000000719800000|100%| E|CS|TAMS 0x0000000719600000| PB 0x0000000719600000| Complete |  0
| 101|0x0000000719800000, 0x0000000719a00000, 0x0000000719a00000|100%| E|CS|TAMS 0x0000000719800000| PB 0x0000000719800000| Complete |  0
| 102|0x0000000719a00000, 0x0000000719c00000, 0x0000000719c00000|100%| E|CS|TAMS 0x0000000719a00000| PB 0x0000000719a00000| Complete |  0
| 103|0x0000000719c00000, 0x0000000719e00000, 0x0000000719e00000|100%| E|CS|TAMS 0x0000000719c00000| PB 0x0000000719c00000| Complete |  0
| 104|0x0000000719e00000, 0x000000071a000000, 0x000000071a000000|100%| E|CS|TAMS 0x0000000719e00000| PB 0x0000000719e00000| Complete |  0
| 105|0x000000071a000000, 0x000000071a200000, 0x000000071a200000|100%| E|CS|TAMS 0x000000071a000000| PB 0x000000071a000000| Complete |  0
| 106|0x000000071a200000, 0x000000071a400000, 0x000000071a400000|100%| E|CS|TAMS 0x000000071a200000| PB 0x000000071a200000| Complete |  0
| 107|0x000000071a400000, 0x000000071a600000, 0x000000071a600000|100%| E|CS|TAMS 0x000000071a400000| PB 0x000000071a400000| Complete |  0
| 108|0x000000071a600000, 0x000000071a800000, 0x000000071a800000|100%| E|CS|TAMS 0x000000071a600000| PB 0x000000071a600000| Complete |  0
| 109|0x000000071a800000, 0x000000071aa00000, 0x000000071aa00000|100%| E|CS|TAMS 0x000000071a800000| PB 0x000000071a800000| Complete |  0
| 110|0x000000071aa00000, 0x000000071ac00000, 0x000000071ac00000|100%| E|CS|TAMS 0x000000071aa00000| PB 0x000000071aa00000| Complete |  0
| 111|0x000000071ac00000, 0x000000071ae00000, 0x000000071ae00000|100%| E|CS|TAMS 0x000000071ac00000| PB 0x000000071ac00000| Complete |  0
| 112|0x000000071ae00000, 0x000000071b000000, 0x000000071b000000|100%| E|CS|TAMS 0x000000071ae00000| PB 0x000000071ae00000| Complete |  0
| 113|0x000000071b000000, 0x000000071b200000, 0x000000071b200000|100%| E|CS|TAMS 0x000000071b000000| PB 0x000000071b000000| Complete |  0
| 114|0x000000071b200000, 0x000000071b400000, 0x000000071b400000|100%| E|CS|TAMS 0x000000071b200000| PB 0x000000071b200000| Complete |  0
| 115|0x000000071b400000, 0x000000071b600000, 0x000000071b600000|100%| E|CS|TAMS 0x000000071b400000| PB 0x000000071b400000| Complete |  0
| 116|0x000000071b600000, 0x000000071b800000, 0x000000071b800000|100%| E|CS|TAMS 0x000000071b600000| PB 0x000000071b600000| Complete |  0
| 117|0x000000071b800000, 0x000000071ba00000, 0x000000071ba00000|100%| E|CS|TAMS 0x000000071b800000| PB 0x000000071b800000| Complete |  0
| 118|0x000000071ba00000, 0x000000071bc00000, 0x000000071bc00000|100%| E|CS|TAMS 0x000000071ba00000| PB 0x000000071ba00000| Complete |  0
| 119|0x000000071bc00000, 0x000000071be00000, 0x000000071be00000|100%| E|CS|TAMS 0x000000071bc00000| PB 0x000000071bc00000| Complete |  0
| 120|0x000000071be00000, 0x000000071c000000, 0x000000071c000000|100%| E|CS|TAMS 0x000000071be00000| PB 0x000000071be00000| Complete |  0
| 121|0x000000071c000000, 0x000000071c200000, 0x000000071c200000|100%| E|CS|TAMS 0x000000071c000000| PB 0x000000071c000000| Complete |  0
|1944|0x00000007ffe00000, 0x00000007fff248e8, 0x0000000800000000| 57%| O|  |TAMS 0x00000007ffe00000| PB 0x00000007ffe00000| Untracked |  0

Card table byte_map: [0x0000016351f00000,0x00000163526a0000] _byte_map_base: 0x000001634e699000

Marking Bits: (CMBitMap*) 0x0000016339449cc0
 Bits: [0x00000163526a0000, 0x0000016356368000)

Polling page: 0x0000016337230000

Metaspace:
Metaspace        used 18442K, committed 18752K, reserved 1114112K
 class space     used 2162K, committed 2304K, reserved 1048576K

Usage:
  Non-class:     15.90 MB used.
      Class:      2.11 MB used.
       Both:     18.01 MB used.

Virtual space:
  Non-class space:       64.00 MB reserved,      16.06 MB ( 25%) committed,  1 nodes.
      Class space:        1.00 GB reserved,       2.25 MB ( <1%) committed,  1 nodes.
             Both:        1.06 GB reserved,      18.31 MB (  2%) committed. 

Chunk freelists:
   Non-Class:  15.88 MB
       Class:  13.64 MB
        Both:  29.52 MB

MaxMetaspaceSize: unlimited
CompressedClassSpaceSize: 1.00 GB
Initial GC threshold: 21.00 MB
Current GC threshold: 21.00 MB
CDS: on
 - commit_granule_bytes: 65536.
 - commit_granule_words: 8192.
 - virtual_space_node_default_size: 8388608.
 - enlarge_chunks_in_place: 1.
UseCompressedClassPointers 1, UseCompactObjectHeaders 0
Narrow klass pointer bits 32, Max shift 3
Narrow klass base: 0x000000002b000000, Narrow klass shift: 0
Encoding Range: [0x000000002b000000 - 0x000000012b000000), (4294967296 bytes)
Klass Range:    [0x000000002b010000 - 0x000000006c000000), (1090453504 bytes)
Klass ID Range:  [65536 - 1090519033) (1090453497)
Protection zone: [0x000000002b000000 - 0x000000002b010000), (65536 bytes)


Internal statistics:

num_allocs_failed_limit: 0.
num_arena_births: 152.
num_arena_deaths: 0.
num_vsnodes_births: 2.
num_vsnodes_deaths: 0.
num_space_committed: 293.
num_space_uncommitted: 0.
num_chunks_returned_to_freelist: 0.
num_chunks_taken_from_freelist: 815.
num_chunk_merges: 0.
num_chunk_splits: 546.
num_chunks_enlarged: 446.
num_inconsistent_stats: 0.

CodeHeap 'non-profiled nmethods': size=119168Kb used=2342Kb max_used=2342Kb free=116825Kb
 bounds [0x0000016349a80000, 0x0000016349cf0000, 0x0000016350ee0000]
CodeHeap 'profiled nmethods': size=119168Kb used=10267Kb max_used=10267Kb free=108901Kb
 bounds [0x0000016341ed0000, 0x00000163428e0000, 0x0000016349330000]
CodeHeap 'non-nmethods': size=7488Kb used=3230Kb max_used=3340Kb free=4257Kb
 bounds [0x0000016349330000, 0x0000016349690000, 0x0000016349a80000]
CodeCache: size=245824Kb, used=15839Kb, max_used=15949Kb, free=229983Kb
 total_blobs=6468, nmethods=5931, adapters=436, full_count=0
Compilation: enabled, stopped_count=0, restarted_count=0

Compilation events (20 events):
Event: 2.694 Thread 0x0000016358a82380 nmethod 5897 0x00000163428c1c08 code [0x00000163428c1d00, 0x00000163428c20e0]
Event: 2.694 Thread 0x000001635944c0e0 nmethod 5899 0x00000163428c2108 code [0x00000163428c2200, 0x00000163428c2458]
Event: 2.694 Thread 0x000001635e867f70 nmethod 5900 0x00000163428c2488 code [0x00000163428c2580, 0x00000163428c2fc0]
Event: 2.695 Thread 0x000001635e5218d0 nmethod 5898 0x00000163428c3008 code [0x00000163428c3100, 0x00000163428c5848]
Event: 2.695 Thread 0x000001635944c0e0 5901       3       org.eclipse.aether.util.graph.transformer.ConflictResolver$ConflictItem::getDependency (10 bytes)
Event: 2.695 Thread 0x000001635944c0e0 nmethod 5901 0x00000163428c5888 code [0x00000163428c5980, 0x00000163428c5b00]
Event: 2.695 Thread 0x0000016358a77740 5902 %     4       java.util.IdentityHashMap::clear @ 17 (39 bytes)
Event: 2.695 Thread 0x000001635e867f70 5903       3       org.eclipse.aether.util.graph.transformer.ConflictResolver$ScopeContext::setDerivedScope (15 bytes)
Event: 2.695 Thread 0x000001635e867f70 nmethod 5903 0x00000163428c5b88 code [0x00000163428c5c80, 0x00000163428c5e28]
Event: 2.697 Thread 0x0000016358a77740 nmethod 5902% 0x0000016349cc8188 code [0x0000016349cc8280, 0x0000016349cc8638]
Event: 2.698 Thread 0x0000016358a82380 5904       3       java.nio.Buffer::<init> (105 bytes)
Event: 2.698 Thread 0x0000016358a82380 nmethod 5904 0x00000163428c5e88 code [0x00000163428c5f80, 0x00000163428c6e58]
Event: 2.723 Thread 0x000001635e867f70 5905       3       org.eclipse.aether.graph.DefaultDependencyNode::accept (63 bytes)
Event: 2.723 Thread 0x000001635e5218d0 5906       3       java.lang.Long::parseLong (295 bytes)
Event: 2.723 Thread 0x0000016358a82380 5907       3       org.apache.maven.artifact.DefaultArtifact::selectVersion (11 bytes)
Event: 2.723 Thread 0x000001635944c0e0 5908       3       org.apache.maven.artifact.DefaultArtifact::<init> (72 bytes)
Event: 2.723 Thread 0x000001635e867f70 nmethod 5905 0x00000163428c6e88 code [0x00000163428c6f80, 0x00000163428c76f8]
Event: 2.723 Thread 0x0000016358a82380 nmethod 5907 0x00000163428c7708 code [0x00000163428c7800, 0x00000163428c7a80]
Event: 2.723 Thread 0x0000016358a82380 5909       3       org.apache.maven.artifact.DefaultArtifact::selectVersionFromNewRangeIfAvailable (47 bytes)
Event: 2.723 Thread 0x000001635e867f70 5910       3       org.apache.maven.artifact.versioning.DefaultArtifactVersion::toString (8 bytes)

GC Heap Usage History (4 events):
Event: 0.739 {heap Before GC invocations=0 (full 0):
 garbage-first heap   total reserved 3983360K, committed 251904K, used 50322K [0x000000070ce00000, 0x0000000800000000)
  region size 2048K, 24 young (49152K), 0 survivors (0K)
}
Event: 0.742 {heap After GC invocations=1 (full 0):
 garbage-first heap   total reserved 3983360K, committed 251904K, used 5432K [0x000000070ce00000, 0x0000000800000000)
  region size 2048K, 3 young (6144K), 3 survivors (6144K)
}
Event: 2.003 {heap Before GC invocations=1 (full 0):
 garbage-first heap   total reserved 3983360K, committed 251904K, used 113976K [0x000000070ce00000, 0x0000000800000000)
  region size 2048K, 56 young (114688K), 3 survivors (6144K)
}
Event: 2.012 {heap After GC invocations=2 (full 0):
 garbage-first heap   total reserved 3983360K, committed 251904K, used 15566K [0x000000070ce00000, 0x0000000800000000)
  region size 2048K, 7 young (14336K), 7 survivors (14336K)
}

Metaspace Usage History (4 events):
Event: 0.739 {metaspace Before GC invocations=0 (full 0):
 Metaspace       used 8485K, committed 8704K, reserved 1114112K
  class space    used 1045K, committed 1152K, reserved 1048576K
}
Event: 0.742 {metaspace After GC invocations=1 (full 0):
 Metaspace       used 8485K, committed 8704K, reserved 1114112K
  class space    used 1045K, committed 1152K, reserved 1048576K
}
Event: 2.003 {metaspace Before GC invocations=1 (full 0):
 Metaspace       used 15928K, committed 16192K, reserved 1114112K
  class space    used 1911K, committed 2048K, reserved 1048576K
}
Event: 2.012 {metaspace After GC invocations=2 (full 0):
 Metaspace       used 15928K, committed 16192K, reserved 1114112K
  class space    used 1911K, committed 2048K, reserved 1048576K
}

Dll operation events (7 events):
Event: 0.006 Loaded shared library C:\Program Files\Eclipse Adoptium\jdk-25.0.3.9-hotspot\bin\java.dll
Event: 0.033 Loaded shared library C:\Program Files\Eclipse Adoptium\jdk-25.0.3.9-hotspot\bin\net.dll
Event: 0.035 Loaded shared library C:\Program Files\Eclipse Adoptium\jdk-25.0.3.9-hotspot\bin\nio.dll
Event: 0.038 Loaded shared library C:\Program Files\Eclipse Adoptium\jdk-25.0.3.9-hotspot\bin\zip.dll
Event: 0.163 Loaded shared library C:\Program Files\Eclipse Adoptium\jdk-25.0.3.9-hotspot\bin\jimage.dll
Event: 0.163 Loaded shared library C:\Users\Admin\.m2\wrapper\dists\apache-maven-3.9.16\56ba1f9f\lib\jansi-native\Windows\x86_64\jansi.dll
Event: 0.171 Loaded shared library C:\Program Files\Eclipse Adoptium\jdk-25.0.3.9-hotspot\bin\verify.dll

Deoptimization events (20 events):
Event: 2.559 Thread 0x0000016336f8ab80 Uncommon trap: trap_request=0xffffff66 fr.pc=0x0000016349caed00 relative=0x0000000000000d00
Event: 2.559 Thread 0x0000016336f8ab80 Uncommon trap: reason=loop_limit_check action=maybe_recompile pc=0x0000016349caed00 method=org.codehaus.plexus.util.SelectorUtils.match([C[CZ)Z @ 498 c2
Event: 2.559 Thread 0x0000016336f8ab80 DEOPT PACKING pc=0x0000016349caed00 sp=0x00000046a56fd500
Event: 2.559 Thread 0x0000016336f8ab80 DEOPT UNPACKING pc=0x0000016349461702 sp=0x00000046a56fd4b8 mode 2
Event: 2.561 Thread 0x0000016336f8ab80 Uncommon trap: trap_request=0xffffff45 fr.pc=0x0000016349b5bac4 relative=0x00000000000000c4
Event: 2.561 Thread 0x0000016336f8ab80 Uncommon trap: reason=unstable_if action=reinterpret pc=0x0000016349b5bac4 method=java.util.Spliterator.getExactSizeIfKnown()J @ 9 c2
Event: 2.561 Thread 0x0000016336f8ab80 DEOPT PACKING pc=0x0000016349b5bac4 sp=0x00000046a56fd9a0
Event: 2.561 Thread 0x0000016336f8ab80 DEOPT UNPACKING pc=0x0000016349461702 sp=0x00000046a56fd940 mode 2
Event: 2.561 Thread 0x0000016336f8ab80 Uncommon trap: trap_request=0xffffff45 fr.pc=0x0000016349c7c844 relative=0x0000000000000744
Event: 2.561 Thread 0x0000016336f8ab80 Uncommon trap: reason=unstable_if action=reinterpret pc=0x0000016349c7c844 method=sun.nio.fs.NativeBuffers.getNativeBufferFromCache(I)Lsun/nio/fs/NativeBuffer; @ 18 c2
Event: 2.561 Thread 0x0000016336f8ab80 DEOPT PACKING pc=0x0000016349c7c844 sp=0x00000046a56fd320
Event: 2.561 Thread 0x0000016336f8ab80 DEOPT UNPACKING pc=0x0000016349461702 sp=0x00000046a56fd268 mode 2
Event: 2.562 Thread 0x0000016336f8ab80 Uncommon trap: trap_request=0xffffff45 fr.pc=0x0000016349c7ade4 relative=0x00000000000001e4
Event: 2.562 Thread 0x0000016336f8ab80 Uncommon trap: reason=unstable_if action=reinterpret pc=0x0000016349c7ade4 method=sun.nio.fs.NativeBuffers.getNativeBufferFromCache(I)Lsun/nio/fs/NativeBuffer; @ 18 c2
Event: 2.562 Thread 0x0000016336f8ab80 DEOPT PACKING pc=0x0000016349c7ade4 sp=0x00000046a56fd340
Event: 2.562 Thread 0x0000016336f8ab80 DEOPT UNPACKING pc=0x0000016349461702 sp=0x00000046a56fd2d0 mode 2
Event: 2.566 Thread 0x0000016336f8ab80 Uncommon trap: trap_request=0xffffff45 fr.pc=0x0000016349c7a968 relative=0x00000000000001e8
Event: 2.566 Thread 0x0000016336f8ab80 Uncommon trap: reason=unstable_if action=reinterpret pc=0x0000016349c7a968 method=sun.nio.fs.NativeBuffers.releaseNativeBuffer(Lsun/nio/fs/NativeBuffer;)V @ 35 c2
Event: 2.566 Thread 0x0000016336f8ab80 DEOPT PACKING pc=0x0000016349c7a968 sp=0x00000046a56fd6b0
Event: 2.566 Thread 0x0000016336f8ab80 DEOPT UNPACKING pc=0x0000016349461702 sp=0x00000046a56fd638 mode 2

Classes loaded (20 events):
Event: 2.560 Loading class java/nio/file/Files$AcceptAllFilter
Event: 2.560 Loading class java/nio/file/DirectoryStream$Filter
Event: 2.560 Loading class java/nio/file/DirectoryStream$Filter done
Event: 2.560 Loading class java/nio/file/Files$AcceptAllFilter done
Event: 2.560 Loading class sun/nio/fs/WindowsDirectoryStream
Event: 2.560 Loading class java/nio/file/DirectoryStream
Event: 2.560 Loading class java/nio/file/DirectoryStream done
Event: 2.560 Loading class sun/nio/fs/WindowsDirectoryStream done
Event: 2.560 Loading class java/nio/file/FileTreeWalker$DirectoryNode
Event: 2.560 Loading class java/nio/file/FileTreeWalker$DirectoryNode done
Event: 2.560 Loading class sun/nio/fs/WindowsDirectoryStream$WindowsDirectoryIterator
Event: 2.560 Loading class sun/nio/fs/WindowsDirectoryStream$WindowsDirectoryIterator done
Event: 2.560 Loading class java/nio/file/FileTreeWalker$Event
Event: 2.560 Loading class java/nio/file/FileTreeWalker$Event done
Event: 2.560 Loading class java/nio/file/FileTreeWalker$EventType
Event: 2.560 Loading class java/nio/file/FileTreeWalker$EventType done
Event: 2.561 Loading class sun/nio/fs/WindowsPath$WindowsPathWithAttributes
Event: 2.561 Loading class sun/nio/fs/BasicFileAttributesHolder
Event: 2.561 Loading class sun/nio/fs/BasicFileAttributesHolder done
Event: 2.561 Loading class sun/nio/fs/WindowsPath$WindowsPathWithAttributes done

Classes unloaded (0 events):
No events

Classes redefined (0 events):
No events

Internal exceptions (20 events):
Event: 0.885 Thread 0x0000016336f8ab80 Exception <a 'java/lang/NoSuchMethodError'{0x000000071b7fbb70}: 'java.lang.Object java.lang.invoke.Invokers$Holder.invokeExact_MT(java.lang.Object, int, java.lang.Object)'> (0x000000071b7fbb70) 
thrown [s\src\hotspot\share\interpreter\linkResolver.cpp, line 804]
Event: 1.007 Thread 0x0000016336f8ab80 Exception <a 'java/lang/NoSuchMethodError'{0x000000071ac576e8}: 'void java.lang.invoke.Invokers$Holder.invokeExact_MT(java.lang.Object, java.lang.Object, java.lang.Object, java.lang.Object)'> (0x000000071ac576e8) 
thrown [s\src\hotspot\share\interpreter\linkResolver.cpp, line 804]
Event: 1.017 Thread 0x0000016336f8ab80 Exception <a 'java/lang/NoClassDefFoundError'{0x000000071acf51e0}: com/google/inject/servlet/ServletModuleTargetVisitor> (0x000000071acf51e0) 
thrown [s\src\hotspot\share\classfile\systemDictionary.cpp, line 317]
Event: 1.073 Thread 0x0000016336f8ab80 Exception <a 'java/lang/NoSuchMethodError'{0x000000071ab85728}: 'java.lang.Object java.lang.invoke.DirectMethodHandle$Holder.invokeStaticInit(java.lang.Object, int, int, int, int)'> (0x000000071ab85728) 
thrown [s\src\hotspot\share\interpreter\linkResolver.cpp, line 804]
Event: 1.133 Thread 0x0000016336f8ab80 Implicit null exception at 0x0000016349ac37b6 to 0x0000016349ac4224
Event: 1.157 Thread 0x0000016336f8ab80 Exception <a 'java/lang/NoSuchMethodError'{0x000000071a535e78}: 'void java.lang.invoke.DirectMethodHandle$Holder.invokeSpecial(java.lang.Object, java.lang.Object, java.lang.Object, java.lang.Object, java.lang.Object, java.lang.Object)'> (0x000000071a535e78) 
thrown [s\src\hotspot\share\interpreter\linkResolver.cpp, line 804]
Event: 1.167 Thread 0x0000016336f8ab80 Exception <a 'java/lang/NoSuchMethodError'{0x000000071a28dd88}: 'java.lang.Object java.lang.invoke.DirectMethodHandle$Holder.invokeVirtual(java.lang.Object, java.lang.Object, java.lang.Object)'> (0x000000071a28dd88) 
thrown [s\src\hotspot\share\interpreter\linkResolver.cpp, line 804]
Event: 1.199 Thread 0x0000016336f8ab80 Exception <a 'java/lang/NoSuchMethodError'{0x000000071a03fa08}: 'void java.lang.invoke.DirectMethodHandle$Holder.invokeVirtual(java.lang.Object, java.lang.Object, int)'> (0x000000071a03fa08) 
thrown [s\src\hotspot\share\interpreter\linkResolver.cpp, line 804]
Event: 1.202 Thread 0x0000016336f8ab80 Exception <a 'java/lang/NoSuchMethodError'{0x000000071a058830}: 'java.lang.Object java.lang.invoke.DirectMethodHandle$Holder.invokeStatic(java.lang.Object, java.lang.Object, java.lang.Object, java.lang.Object, int)'> (0x000000071a058830) 
thrown [s\src\hotspot\share\interpreter\linkResolver.cpp, line 804]
Event: 1.202 Thread 0x0000016336f8ab80 Exception <a 'java/lang/NoSuchMethodError'{0x000000071a069f60}: 'void java.lang.invoke.DirectMethodHandle$Holder.invokeSpecial(java.lang.Object, java.lang.Object, java.lang.Object, int)'> (0x000000071a069f60) 
thrown [s\src\hotspot\share\interpreter\linkResolver.cpp, line 804]
Event: 1.202 Thread 0x0000016336f8ab80 Exception <a 'java/lang/NoSuchMethodError'{0x000000071a0722f8}: 'void java.lang.invoke.DelegatingMethodHandle$Holder.reinvoke_L(java.lang.Object, java.lang.Object, int)'> (0x000000071a0722f8) 
thrown [s\src\hotspot\share\interpreter\linkResolver.cpp, line 804]
Event: 1.496 Thread 0x0000016336f8ab80 Implicit null exception at 0x0000016349b7a539 to 0x0000016349b7aba0
Event: 1.496 Thread 0x0000016336f8ab80 Implicit null exception at 0x0000016349b319cb to 0x0000016349b31ba0
Event: 1.496 Thread 0x0000016336f8ab80 Implicit null exception at 0x0000016349b2879d to 0x0000016349b28815
Event: 1.497 Thread 0x0000016336f8ab80 Exception <a 'java/lang/NoSuchMethodError'{0x00000007180882d8}: 'void java.lang.invoke.DirectMethodHandle$Holder.invokeStatic(java.lang.Object, java.lang.Object, java.lang.Object, java.lang.Object)'> (0x00000007180882d8) 
thrown [s\src\hotspot\share\interpreter\linkResolver.cpp, line 804]
Event: 1.501 Thread 0x0000016336f8ab80 Exception <a 'java/lang/NoSuchMethodError'{0x000000071811ffd8}: 'int java.lang.invoke.DirectMethodHandle$Holder.invokeSpecialIFC(java.lang.Object, java.lang.Object, java.lang.Object, java.lang.Object)'> (0x000000071811ffd8) 
thrown [s\src\hotspot\share\interpreter\linkResolver.cpp, line 804]
Event: 2.278 Thread 0x0000016336f8ab80 Exception <a 'java/lang/NoSuchMethodError'{0x000000071adbed68}: 'java.lang.Object java.lang.invoke.DirectMethodHandle$Holder.newInvokeSpecial(java.lang.Object, java.lang.Object, java.lang.Object, java.lang.Object, java.lang.Object, java.lang.Object, java.lang.Object)'> (0x000000071adbed68) 
thrown [s\src\hotspot\share\interpreter\linkResolver.cpp, line 804]
Event: 2.349 Thread 0x0000016336f8ab80 Implicit null exception at 0x0000016349c4b735 to 0x0000016349c4bc08
Event: 2.353 Thread 0x0000016336f8ab80 Exception <a 'java/lang/NoSuchMethodError'{0x000000071a317cf0}: 'int java.lang.invoke.DirectMethodHandle$Holder.invokeVirtual(java.lang.Object, java.lang.Object)'> (0x000000071a317cf0) 
thrown [s\src\hotspot\share\interpreter\linkResolver.cpp, line 804]
Event: 2.368 Thread 0x0000016336f8ab80 Exception <a 'java/lang/NoSuchMethodError'{0x000000071a071618}: 'void java.lang.invoke.Invokers$Holder.invokeExact_MT(java.lang.Object, java.lang.Object, int, java.lang.Object)'> (0x000000071a071618) 
thrown [s\src\hotspot\share\interpreter\linkResolver.cpp, line 804]

VM Operations (20 events):
Event: 1.003 Executing non-safepoint VM operation: HandshakeAllThreads (Deoptimize)
Event: 1.003 Executing non-safepoint VM operation: HandshakeAllThreads (Deoptimize) done
Event: 1.049 Executing non-safepoint VM operation: HandshakeAllThreads (Deoptimize)
Event: 1.049 Executing non-safepoint VM operation: HandshakeAllThreads (Deoptimize) done
Event: 1.063 Executing non-safepoint VM operation: HandshakeAllThreads (Deoptimize)
Event: 1.063 Executing non-safepoint VM operation: HandshakeAllThreads (Deoptimize) done
Event: 1.082 Executing non-safepoint VM operation: HandshakeAllThreads (Deoptimize)
Event: 1.082 Executing non-safepoint VM operation: HandshakeAllThreads (Deoptimize) done
Event: 1.095 Executing non-safepoint VM operation: HandshakeAllThreads (Deoptimize)
Event: 1.095 Executing non-safepoint VM operation: HandshakeAllThreads (Deoptimize) done
Event: 1.114 Executing non-safepoint VM operation: HandshakeAllThreads (Deoptimize)
Event: 1.114 Executing non-safepoint VM operation: HandshakeAllThreads (Deoptimize) done
Event: 1.114 Executing non-safepoint VM operation: HandshakeAllThreads (Deoptimize)
Event: 1.114 Executing non-safepoint VM operation: HandshakeAllThreads (Deoptimize) done
Event: 2.003 Executing safepoint VM operation: G1CollectForAllocation (G1 Evacuation Pause)
Event: 2.012 Executing safepoint VM operation: G1CollectForAllocation (G1 Evacuation Pause) done
Event: 2.367 Executing non-safepoint VM operation: HandshakeAllThreads (Deoptimize)
Event: 2.367 Executing non-safepoint VM operation: HandshakeAllThreads (Deoptimize) done
Event: 2.562 Executing non-safepoint VM operation: HandshakeAllThreads (Deoptimize)
Event: 2.562 Executing non-safepoint VM operation: HandshakeAllThreads (Deoptimize) done

Memory protections (0 events):
No events

Nmethod flushes (0 events):
No events

Events (20 events):
Event: 0.021 Thread 0x0000016336f8ab80 Thread added: 0x0000016358a5bcb0
Event: 0.021 Thread 0x0000016336f8ab80 Thread added: 0x0000016358a5f3e0
Event: 0.021 Thread 0x0000016336f8ab80 Thread added: 0x0000016358a60710
Event: 0.021 Thread 0x0000016336f8ab80 Thread added: 0x0000016358a6db90
Event: 0.021 Thread 0x0000016336f8ab80 Thread added: 0x0000016358a77740
Event: 0.022 Thread 0x0000016336f8ab80 Thread added: 0x0000016358a82380
Event: 0.025 Thread 0x0000016358a77740 Thread added: 0x000001635944c0e0
Event: 0.030 Thread 0x0000016336f8ab80 Thread added: 0x0000016359484590
Event: 0.031 Thread 0x0000016336f8ab80 Thread added: 0x0000016359485f30
Event: 0.161 Thread 0x0000016336f8ab80 Thread added: 0x000001635e1fb960
Event: 0.172 Thread 0x000001635e1fb960 Thread exited: 0x000001635e1fb960
Event: 0.183 Thread 0x000001635944c0e0 Thread added: 0x000001635e21d400
Event: 0.241 Thread 0x000001635944c0e0 Thread added: 0x000001635e5218d0
Event: 0.241 Thread 0x000001635944c0e0 Thread added: 0x000001635e867f70
Event: 0.438 Thread 0x000001635e5218d0 Thread added: 0x000001635e8e7b70
Event: 0.438 Thread 0x000001635e5218d0 Thread added: 0x000001635e8e93a0
Event: 0.438 Thread 0x000001635e5218d0 Thread added: 0x000001635e8e7360
Event: 0.441 Thread 0x0000016358a77740 Thread added: 0x000001635e8e6340
Event: 1.094 Thread 0x0000016336f8ab80 Thread added: 0x000001635f3d5390
Event: 1.897 Thread 0x000001635e8e6340 Thread exited: 0x000001635e8e6340


Dynamic libraries:
0x00007ff648840000 - 0x00007ff64884e000 	C:\Program Files\Eclipse Adoptium\jdk-25.0.3.9-hotspot\bin\java.exe
0x00007ffb49480000 - 0x00007ffb496e6000 	C:\Windows\SYSTEM32\ntdll.dll
0x00007ffb48d20000 - 0x00007ffb48de9000 	C:\Windows\System32\KERNEL32.DLL
0x00007ffb46a50000 - 0x00007ffb46e4e000 	C:\Windows\System32\KERNELBASE.dll
0x00007ffb47050000 - 0x00007ffb4719c000 	C:\Windows\System32\ucrtbase.dll
0x00007ffb32690000 - 0x00007ffb326ae000 	C:\Program Files\Eclipse Adoptium\jdk-25.0.3.9-hotspot\bin\VCRUNTIME140.dll
0x00007ffb148e0000 - 0x00007ffb148f6000 	C:\Program Files\Eclipse Adoptium\jdk-25.0.3.9-hotspot\bin\jli.dll
0x00007ffb491e0000 - 0x00007ffb493a7000 	C:\Windows\System32\USER32.dll
0x00007ffb31890000 - 0x00007ffb31b22000 	C:\Windows\WinSxS\amd64_microsoft.windows.common-controls_6595b64144ccf1df_6.0.26100.8875_none_3e0d5d42e32fe9dd\COMCTL32.dll
0x00007ffb46810000 - 0x00007ffb46837000 	C:\Windows\System32\win32u.dll
0x00007ffb47cb0000 - 0x00007ffb47d59000 	C:\Windows\System32\msvcrt.dll
0x00007ffb49050000 - 0x00007ffb4907b000 	C:\Windows\System32\GDI32.dll
0x00007ffb46f20000 - 0x00007ffb4704a000 	C:\Windows\System32\gdi32full.dll
0x00007ffb46760000 - 0x00007ffb46803000 	C:\Windows\System32\msvcp_win.dll
0x00007ffb47740000 - 0x00007ffb47772000 	C:\Windows\System32\IMM32.DLL
0x00007ffb42020000 - 0x00007ffb4202c000 	C:\Program Files\Eclipse Adoptium\jdk-25.0.3.9-hotspot\bin\vcruntime140_1.dll
0x00007ffb05130000 - 0x00007ffb051bd000 	C:\Program Files\Eclipse Adoptium\jdk-25.0.3.9-hotspot\bin\msvcp140.dll
0x00007ffaeafc0000 - 0x00007ffaebeea000 	C:\Program Files\Eclipse Adoptium\jdk-25.0.3.9-hotspot\bin\server\jvm.dll
0x00007ffb48950000 - 0x00007ffb48a07000 	C:\Windows\System32\ADVAPI32.dll
0x00007ffb47640000 - 0x00007ffb476ea000 	C:\Windows\System32\sechost.dll
0x00007ffb490c0000 - 0x00007ffb491d8000 	C:\Windows\System32\RPCRT4.dll
0x00007ffb48a30000 - 0x00007ffb48ab0000 	C:\Windows\System32\WS2_32.dll
0x00007ffb46520000 - 0x00007ffb4657e000 	C:\Windows\SYSTEM32\POWRPROF.dll
0x00007ffb3d670000 - 0x00007ffb3d67b000 	C:\Windows\SYSTEM32\VERSION.dll
0x00007ffb3af90000 - 0x00007ffb3afc6000 	C:\Windows\SYSTEM32\WINMM.dll
0x00007ffb46500000 - 0x00007ffb46514000 	C:\Windows\SYSTEM32\UMPDC.dll
0x00007ffb45340000 - 0x00007ffb4535b000 	C:\Windows\SYSTEM32\kernel.appcore.dll
0x00007ffb32680000 - 0x00007ffb3268a000 	C:\Program Files\Eclipse Adoptium\jdk-25.0.3.9-hotspot\bin\jimage.dll
0x00007ffb3ca10000 - 0x00007ffb3cc52000 	C:\Windows\SYSTEM32\DBGHELP.DLL
0x00007ffb47780000 - 0x00007ffb47b03000 	C:\Windows\System32\combase.dll
0x00007ffb48e60000 - 0x00007ffb48f39000 	C:\Windows\System32\OLEAUT32.dll
0x00007ffb2e5f0000 - 0x00007ffb2e62b000 	C:\Windows\SYSTEM32\dbgcore.DLL
0x00007ffb46e60000 - 0x00007ffb46f0c000 	C:\Windows\System32\bcryptPrimitives.dll
0x00007ffb148c0000 - 0x00007ffb148de000 	C:\Program Files\Eclipse Adoptium\jdk-25.0.3.9-hotspot\bin\java.dll
0x00007ffb47b10000 - 0x00007ffb47ca9000 	C:\Windows\System32\ole32.dll
0x00007ffb48020000 - 0x00007ffb487b2000 	C:\Windows\System32\SHELL32.dll
0x00007ffb44100000 - 0x00007ffb44992000 	C:\Windows\SYSTEM32\windows.storage.dll
0x00007ffb48850000 - 0x00007ffb48947000 	C:\Windows\System32\SHCORE.dll
0x00007ffb487c0000 - 0x00007ffb48827000 	C:\Windows\System32\shlwapi.dll
0x00007ffb465c0000 - 0x00007ffb465e9000 	C:\Windows\SYSTEM32\profapi.dll
0x00007ffb148a0000 - 0x00007ffb148b1000 	C:\Program Files\Eclipse Adoptium\jdk-25.0.3.9-hotspot\bin\net.dll
0x00007ffb458d0000 - 0x00007ffb4593c000 	C:\Windows\system32\mswsock.dll
0x00007ffb13700000 - 0x00007ffb13716000 	C:\Program Files\Eclipse Adoptium\jdk-25.0.3.9-hotspot\bin\nio.dll
0x00007ffb122d0000 - 0x00007ffb122e6000 	C:\Program Files\Eclipse Adoptium\jdk-25.0.3.9-hotspot\bin\zip.dll
0x00007ffb100b0000 - 0x00007ffb100d4000 	C:\Users\Admin\.m2\wrapper\dists\apache-maven-3.9.16\56ba1f9f\lib\jansi-native\Windows\x86_64\jansi.dll
0x00007ffb306e0000 - 0x00007ffb306f0000 	C:\Program Files\Eclipse Adoptium\jdk-25.0.3.9-hotspot\bin\verify.dll

JVMTI agents: none

dbghelp: loaded successfully - version: 4.0.5 - missing functions: none
symbol engine: initialized successfully - sym options: 0x614 - pdb path: .;C:\Program Files\Eclipse Adoptium\jdk-25.0.3.9-hotspot\bin;C:\Windows\SYSTEM32;C:\Windows\WinSxS\amd64_microsoft.windows.common-controls_6595b64144ccf1df_6.0.26100.8875_none_3e0d5d42e32fe9dd;C:\Program Files\Eclipse Adoptium\jdk-25.0.3.9-hotspot\bin\server;C:\Users\Admin\.m2\wrapper\dists\apache-maven-3.9.16\56ba1f9f\lib\jansi-native\Windows\x86_64

VM Arguments:
jvm_args: --add-opens=java.base/java.lang=ALL-UNNAMED --enable-native-access=ALL-UNNAMED -Dclassworlds.conf=C:/Users/Admin/.m2/wrapper/dists/apache-maven-3.9.16/56ba1f9f/bin/m2.conf -Dmaven.home=C:/Users/Admin/.m2/wrapper/dists/apache-maven-3.9.16/56ba1f9f -Dlibrary.jansi.path=C:/Users/Admin/.m2/wrapper/dists/apache-maven-3.9.16/56ba1f9f/lib/jansi-native -Dmaven.multiModuleProjectDirectory=D:/123/BE_NihongoApp 
java_command: org.codehaus.plexus.classworlds.launcher.Launcher spring-boot:run -Dspring-boot.run.jvmArguments=-Xmx512m -XX:MaxG1HeapRegionSize=16M
java_class_path (initial): C:/Users/Admin/.m2/wrapper/dists/apache-maven-3.9.16/56ba1f9f/boot/plexus-classworlds-2.11.0.jar
Launcher Type: SUN_STANDARD

[Global flags]
     intx CICompilerCount                          = 12                                        {product} {ergonomic}
     uint ConcGCThreads                            = 3                                         {product} {ergonomic}
     uint G1ConcRefinementThreads                  = 13                                        {product} {ergonomic}
   size_t G1HeapRegionSize                         = 2097152                                   {product} {ergonomic}
   size_t InitialHeapSize                          = 255852544                                 {product} {ergonomic}
   size_t MarkStackSize                            = 4194304                                   {product} {ergonomic}
   size_t MarkStackSizeMax                         = 536870912                                 {product} {ergonomic}
   size_t MaxHeapSize                              = 4078960640                                {product} {ergonomic}
   size_t MaxNewSize                               = 2447376384                                {product} {ergonomic}
   size_t MinHeapDeltaBytes                        = 2097152                                   {product} {ergonomic}
   size_t MinHeapSize                              = 8388608                                   {product} {ergonomic}
    uintx NonNMethodCodeHeapSize                   = 7667712                                {pd product} {ergonomic}
    uintx NonProfiledCodeHeapSize                  = 122028032                              {pd product} {ergonomic}
    uintx ProfiledCodeHeapSize                     = 122028032                              {pd product} {ergonomic}
    uintx ReservedCodeCacheSize                    = 251723776                              {pd product} {ergonomic}
     bool SegmentedCodeCache                       = true                                      {product} {ergonomic}
   size_t SoftMaxHeapSize                          = 4078960640                             {manageable} {ergonomic}
     bool UseCompressedOops                        = true                           {product lp64_product} {ergonomic}
     bool UseG1GC                                  = true                                      {product} {ergonomic}
     bool UseLargePagesIndividualAllocation        = false                                  {pd product} {ergonomic}

Logging:
Log output configuration:
 #0: stdout all=warning uptime,level,tags foldmultilines=false
 #1: stderr all=off uptime,level,tags foldmultilines=false

Release file:
IMPLEMENTOR="Eclipse Adoptium" 
IMPLEMENTOR_VERSION="Temurin-25.0.3+9" 
JAVA_RUNTIME_VERSION="25.0.3+9-LTS" 
JAVA_VERSION="25.0.3" 
JAVA_VERSION_DATE="2026-04-21" 
LIBC="default" 
MODULES="java.base java.compiler java.datatransfer java.xml java.prefs java.desktop java.instrument java.logging java.management java.security.sasl java.naming java.rmi java.management.rmi java.net.http java.scripting java.security.jgss java.transaction.xa java.sql java.sql.rowset java.xml.crypto java.se java.smartcardio jdk.accessibility jdk.internal.jvmstat jdk.attach jdk.charsets jdk.internal.opt jdk.zipfs jdk.compiler jdk.crypto.cryptoki jdk.crypto.ec jdk.crypto.mscapi jdk.dynalink jdk.internal.ed jdk.editpad jdk.internal.vm.ci jdk.graal.compiler jdk.graal.compiler.management jdk.hotspot.agent jdk.httpserver jdk.incubator.vector jdk.internal.le jdk.internal.md jdk.jartool jdk.javadoc jdk.jcmd jdk.management jdk.management.agent jdk.jconsole jdk.jdeps jdk.jdwp.agent jdk.jdi jdk.jfr jdk.jlink jdk.jpackage jdk.jshell jdk.jsobject jdk.jstatd jdk.localedata jdk.management.jfr jdk.naming.dns jdk.naming.rmi jdk.net jdk.nio.mapmode jdk.sctp jdk.security.auth jdk.security.jgss jdk.unsupported jdk.unsupported.desktop jdk.xml.dom" 
OS_ARCH="x86_64" 
OS_NAME="Windows" 
SOURCE=".:git:cda0a1776184" 
BUILD_SOURCE="git:a612825ee82a20ac872d60958c349854c1f29a8e"
BUILD_SOURCE_REPO="https://github.com/adoptium/temurin-build.git"
SOURCE_REPO="https://github.com/adoptium/jdk25u.git"
FULL_VERSION="25.0.3+9-LTS"
SEMANTIC_VERSION="25.0.3+9"
BUILD_INFO="OS: Windows Server 2022 Version: 10.0"
JVM_VARIANT="Hotspot"
JVM_VERSION="25.0.3+9-LTS"
IMAGE_TYPE="JDK"

Environment Variables:
JAVA_HOME=C:/Program Files/Eclipse Adoptium/jdk-25.0.3.9-hotspot
PATH=C:\Users\Admin\bin;D:\IT\Git\mingw64\bin;D:\IT\Git\usr\local\bin;D:\IT\Git\usr\bin;D:\IT\Git\usr\bin;D:\IT\Git\mingw64\bin;D:\IT\Git\usr\bin;C:\Users\Admin\bin;C:\Program Files\Eclipse Adoptium\jdk-25.0.3.9-hotspot\bin;C:\Windows\system32;C:\Windows;C:\Windows\System32\Wbem;C:\Windows\System32\WindowsPowerShell\v1.0;C:\Windows\System32\OpenSSH;C:\Program Files\Docker\Docker\resources\bin;D:\Git\cmd;D:\;D:\nodejs\node_modules;D:\nodejs;D:\IT\nodejs;D:\IT\Git\usr\bin;D:\IT\Git\cmd;C:\Windows\system32\config\systemprofile\AppData\Local\Muse Hub\lib;C:\Program Files\dotnet;C:\Program Files\NVIDIA Corporation\NVIDIA App\NvDLISR;C:\Program Files\Cloudflare\Cloudflare WARP;D:\IT\apache-maven-3.9.16-bin\apache-maven-3.9.16\bin;C:\Program Files\MySQL\MySQL Shell 8.0\bin;C:\Users\Admin\AppData\Local\Microsoft\WindowsApps;C:\Users\Admin\AppData\Local\Programs\Microsoft VS Code\bin;C:\Users\Admin\AppData\Roaming\npm;D:\IT\nodejs;C:\Users\Admin\AppData\Local\Muse Hub\lib;C:\Users\Admin\AppData\Local\Kingsoft\WPS Office\12.1.0.27458\clitool;D:\IT\Git\usr\bin\vendor_perl;D:\IT\Git\usr\bin\core_perl
USERNAME=Admin
SHELL=D:\IT\Git\usr\bin\bash.exe
TERM=xterm-256color
OS=Windows_NT
PROCESSOR_IDENTIFIER=AMD64 Family 25 Model 116 Stepping 1, AuthenticAMD
TMP=C:\Users\Admin\AppData\Local\Temp
TEMP=C:\Users\Admin\AppData\Local\Temp




Compilation memory statistics disabled.

Periodic native trim disabled

---------------  S Y S T E M  ---------------

OS:
 Windows 11 , 64 bit Build 26100 (10.0.26100.8875)
OS uptime: 0 days 1:13 hours
Hyper-V role detected

CPU: total 16 (initial active 16) (16 cores per cpu, 2 threads per core) family 25 model 116 stepping 1 microcode 0xa704103, cx8, cmov, fxsr, ht, mmx, 3dnowpref, sse, sse2, sse3, ssse3, sse4a, sse4.1, sse4.2, popcnt, lzcnt, tsc, tscinvbit, avx, avx2, aes, erms, clmul, bmi1, bmi2, adx, avx512f, avx512dq, avx512cd, avx512bw, avx512vl, sha, fma, vzeroupper, avx512_vpopcntdq, avx512_vpclmulqdq, avx512_vaes, avx512_vnni, clflush, clflushopt, clwb, avx512_vbmi2, avx512_vbmi, hv, rdtscp, rdpid, gfni, avx512_bitalg, f16c, cet_ss, avx512_ifma
Processor Information for the first 16 processors :
  Max Mhz: 3801, Current Mhz: 3801, Mhz Limit: 3801

Memory: 4k page, system-wide physical 15554M (1206M free)
TotalPageFile size 23746M (AvailPageFile size 23M)
current process WorkingSet (physical memory assigned to process): 246M, peak: 249M
current process commit charge ("private bytes"): 415M, peak: 432M

vm_info: OpenJDK 64-Bit Server VM (25.0.3+9-LTS) for windows-amd64 JRE (25.0.3+9-LTS), built on 2026-04-21T00:00:00Z with MS VC++ 17.12 (VS2022)

END.
